// Jest Snapshot v1, https://goo.gl/fbAQLP

exports[`the button component should render correctly 1`] = `
<DocumentFragment>
  <button>
    Bleh
  </button>
</DocumentFragment>
`;
